// Jest Snapshot v1, https://goo.gl/fbAQLP

exports[`should render EditExpensePage correctly 1`] = `
<div>
  <h1>
    Edit Expense
  </h1>
  <ExpenseForm
    expense={
      Object {
        "amount": 4500,
        "createdAt": "1970-01-01T00:00:01.000Z",
        "description": "Credit Card",
        "id": 3,
        "note": "",
      }
    }
    formData={[Function]}
  />
  <button
    onClick={[Function]}
  >
    Remove
  </button>
</div>
`;

exports[`should render NotFoundPage if expense id does not exist 1`] = `<NotFoundPage />`;
